  INITIAL WATER NUMBER:    1
  TIME t = 0
  SPECIATION TEMPERATURE (C):     25.000    PRESSURE (bar):      1.000
  CHEM.ITERATIONS:     3
  IONIC STRENGTH:  0.1384E+00          STOIC. IONIC STRENGTH:  0.1461E+00

                                                                                                                                                 input
      species              molality         gamma    log activ.  tot.aqueous  tot.aqueous  tot.solid    tot.gas      tot.sorbed   aq.kinetics  tot.system  tot.balance  aq.balance
                         (water in kg) (H2O activity)              molality      moles       moles       moles          moles        moles        moles
     ------------------------------------------------------------------------------------------------------------------------------------------------------------------------------
   1 h2o                  0.10001E+01    0.99630E+00    -0.002   0.55504E+02  0.55509E+02  0.00000E+00  0.00000E+00  0.00000E+00  0.00000E+00  0.55509E+02  0.69907E-06 -0.36984E-06
   2 h+                   0.26295E-06    0.75870E+00    -6.700   0.47496E-02  0.47500E-02  0.00000E+00  0.00000E+00  0.00000E+00  0.00000E+00  0.47500E-02  0.00000E+00 -0.24320E-10
   3 ca+2                 0.57840E-02    0.33297E+00    -2.715   0.60994E-02  0.60999E-02  0.00000E+00  0.00000E+00  0.00000E+00  0.00000E+00  0.61000E-02 -0.97691E-07  0.80234E-07
   4 mg+2                 0.11393E-01    0.33195E+00    -2.422   0.11999E-01  0.12000E-01  0.00000E+00  0.00000E+00  0.00000E+00  0.00000E+00  0.12000E-01 -0.18769E-06  0.15436E-06
   5 na+                  0.87361E-01    0.75285E+00    -1.182   0.88492E-01  0.88499E-01  0.00000E+00  0.00000E+00  0.00000E+00  0.00000E+00  0.88500E-01 -0.75355E-06  0.69806E-06
   6 k+                   0.21586E-02    0.75348E+00    -2.789   0.21598E-02  0.21600E-02  0.00000E+00  0.00000E+00  0.00000E+00  0.00000E+00  0.21600E-02 -0.16633E-07  0.16584E-07
   7 hco3-                0.14822E-01    0.75480E+00    -1.951   0.21597E-01  0.21599E-01  0.00000E+00  0.00000E+00  0.00000E+00  0.00000E+00  0.21600E-01 -0.10461E-05  0.61232E-06
   8 so4-2                0.22563E-03    0.33851E+00    -4.117   0.26997E-03  0.26999E-03  0.00000E+00  0.00000E+00  0.00000E+00  0.00000E+00  0.27000E-03 -0.59639E-08  0.46865E-08
   9 cl-                  0.10179E+00    0.75493E+00    -1.114   0.10179E+00  0.10180E+00  0.00000E+00  0.00000E+00  0.00000E+00  0.00000E+00  0.10180E+00 -0.77871E-06  0.77803E-06
  10 o2(aq)               0.99991E-05    0.10000E+01    -5.000   0.99991E-05  0.99999E-05  0.00000E+00  0.00000E+00  0.00000E+00  0.00000E+00  0.10000E-04 -0.76494E-10  0.76427E-10
  11 xoh                  (Not part of initial speciation calculations)
  12 oh-                  0.67212E-07    0.75856E+00    -7.293
  13 nahco3(aq)           0.10877E-02    0.10000E+01    -2.963
  14 cahco3+              0.31550E-03    0.75364E+00    -3.624
  15 mghco3+              0.60601E-03    0.75364E+00    -3.340
  16 co2(aq)              0.47581E-02    0.10336E+01    -2.308
  17 co3-2                0.78814E-05    0.33674E+00    -5.576
  18 naso4-               0.43110E-04    0.75493E+00    -4.488
  19 kso4-                0.12350E-05    0.75493E+00    -6.030
  20 naco3-               0.74651E-06    0.75493E+00    -6.249
  21 ch4(aq)              0.15336-142    0.10336E+01  -142.800
   1 xoh2+                See note below - linked to surface of: calcite             
   2 xo-                  See note below - linked to surface of: calcite             

 Surface complexes are included but not yet equilibrated - use the ichdump option to see equilibration results on a gridblock-by-gridblock basis

     Solution charge imbalance = 0.7670E-02 equiv  (0.3170E+01%)

     eq.minerals             moles         log(Q/K)   v.frac solid
     ------------------------------------------------------------
   1 calcite              0.00000E+00        0.17895



  BOUNDARY WATER NUMBER:    1
  TIME t = 0
  SPECIATION TEMPERATURE (C):     25.000    PRESSURE (bar):      1.000
  CHEM.ITERATIONS:     3
  IONIC STRENGTH:  0.4390E-02          STOIC. IONIC STRENGTH:  0.5068E-02

                                                                                                                                                 input
      species              molality         gamma    log activ.  tot.aqueous  tot.aqueous  tot.solid    tot.gas      tot.sorbed   aq.kinetics  tot.system  tot.balance  aq.balance
                         (water in kg) (H2O activity)              molality      moles       moles       moles          moles        moles        moles
     ------------------------------------------------------------------------------------------------------------------------------------------------------------------------------
   1 h2o                  0.10000E+01    0.99993E+00    -0.000   0.55508E+02  0.55509E+02  0.00000E+00  0.00000E+00  0.00000E+00  0.00000E+00  0.55509E+02  0.29234E-07 -0.13496E-07
   2 h+                   0.13503E-06    0.93236E+00    -6.900   0.61795E-03  0.61795E-03  0.00000E+00  0.00000E+00  0.00000E+00  0.00000E+00  0.61795E-03  0.00000E+00  0.23922E-11
   3 ca+2                 0.15117E-02    0.75450E+00    -2.943   0.15420E-02  0.15420E-02  0.00000E+00  0.00000E+00  0.00000E+00  0.00000E+00  0.15420E-02 -0.25601E-08  0.23137E-08
   4 mg+2                 0.31287E-05    0.75398E+00    -5.627   0.31900E-05  0.31900E-05  0.00000E+00  0.00000E+00  0.00000E+00  0.00000E+00  0.31900E-05 -0.52089E-11  0.47119E-11
   5 na+                  0.96102E-04    0.93139E+00    -4.048   0.96399E-04  0.96400E-04  0.00000E+00  0.00000E+00  0.00000E+00  0.00000E+00  0.96400E-04 -0.25626E-10  0.23577E-10
   6 k+                   0.79999E-04    0.93163E+00    -4.128   0.79999E-04  0.80000E-04  0.00000E+00  0.00000E+00  0.00000E+00  0.00000E+00  0.80000E-04 -0.11745E-10  0.11725E-10
   7 hco3-                0.24062E-02    0.93164E+00    -2.649   0.30569E-02  0.30570E-02  0.00000E+00  0.00000E+00  0.00000E+00  0.00000E+00  0.30570E-02 -0.31836E-07  0.15864E-07
   8 so4-2                0.99907E-06    0.75557E+00    -6.122   0.99999E-06  0.10000E-05  0.00000E+00  0.00000E+00  0.00000E+00  0.00000E+00  0.10000E-05 -0.21570E-12  0.21508E-12
   9 cl-                  0.99999E-04    0.93147E+00    -4.031   0.99999E-04  0.10000E-03  0.00000E+00  0.00000E+00  0.00000E+00  0.00000E+00  0.10000E-03 -0.14638E-10  0.14614E-10
  10 o2(aq)               0.10004E-49    0.10000E+01   -50.000   0.99999E-50  0.10000E-49  0.00000E+00  0.00000E+00  0.00000E+00  0.00000E+00  0.10000E-49 -0.12739E-56  0.13724E-56
  11 xoh                  (Not part of initial speciation calculations)
  12 oh-                  0.87058E-07    0.93137E+00    -7.091
  13 nahco3(aq)           0.29664E-06    0.10000E+01    -6.528
  14 cahco3+              0.30288E-04    0.93166E+00    -4.549
  15 mghco3+              0.61272E-07    0.93166E+00    -7.243
  16 co2(aq)              0.61901E-03    0.10011E+01    -3.208
  17 co3-2                0.11162E-05    0.75497E+00    -6.074
  18 naso4-               0.46995E-09    0.93147E+00    -9.359
  19 kso4-                0.45330E-09    0.93147E+00    -9.374
  20 naco3-               0.26145E-09    0.93147E+00    -9.613
  21 ch4(aq)              0.20078E-53    0.10011E+01   -53.697
   1 xoh2+                See note below - linked to surface of: calcite             
   2 xo-                  See note below - linked to surface of: calcite             

 Surface complexes are included but not yet equilibrated - use the ichdump option to see equilibration results on a gridblock-by-gridblock basis

     Solution charge imbalance = 0.7257E-03 equiv  (0.1263E+02%)

     eq.minerals             moles         log(Q/K)   v.frac solid
     ------------------------------------------------------------
   1 calcite              0.00000E+00       -0.54677



 
 
 
 
      --- Write chemical speciation like the format in Geochemical.inp -- 

                    T= "0.144003E+09 yr



  Grid block:  F  11
   1     4.000      1.0075
# component  flag    guess      ctotal    fix log(Q/K)
'h2o        ' 1   0.1000E+01  0.1000E+01  '*'   0.0 
'h+         ' 1   0.3241E-08 -0.4635E-05  '*'   0.0 
'ca+2       ' 1   0.2129E-03  0.2186E-03  '*'   0.0 
'mg+2       ' 1   0.9947E-04  0.1020E-03  '*'   0.0 
'na+        ' 1   0.2861E-02  0.2877E-02  '*'   0.0 
'k+         ' 1   0.2886E-03  0.2886E-03  '*'   0.0 
'hco3-      ' 1   0.2890E-02  0.2974E-02  '*'   0.0 
'so4-2      ' 1   0.9903E-06  0.1005E-05  '*'   0.0 
'cl-        ' 1   0.1019E-03  0.1019E-03  '*'   0.0 
'o2(aq)     ' 1   0.1860E-09  0.1860E-09  '*'   0.0 
'xoh        ' 1   0.7634E-02  0.9470E-02  '*'   0.0 
'*'
